good data! Measure has been added and you have gained a point!