Here is the efficiency of the cleaner ... : -2.875